Archive member included to satisfy reference by file (symbol)

C:/ST/STM32CubeIDE_1.17.0/STM32CubeIDE/plugins/com.st.stm32cube.ide.mcu.externaltools.gnu-tools-for-stm32.12.3.rel1.win32_1.1.0.202410251130/tools/bin/../lib/gcc/arm-none-eabi/12.3.1/../../../../arm-none-eabi/lib/thumb/v7e-m+dp/hard\libc_nano.a(libc_a-exit.o)
                              C:/ST/STM32CubeIDE_1.17.0/STM32CubeIDE/plugins/com.st.stm32cube.ide.mcu.externaltools.gnu-tools-for-stm32.12.3.rel1.win32_1.1.0.202410251130/tools/bin/../lib/gcc/arm-none-eabi/12.3.1/../../../../arm-none-eabi/lib/thumb/v7e-m+dp/hard/crt0.o (exit)
C:/ST/STM32CubeIDE_1.17.0/STM32CubeIDE/plugins/com.st.stm32cube.ide.mcu.externaltools.gnu-tools-for-stm32.12.3.rel1.win32_1.1.0.202410251130/tools/bin/../lib/gcc/arm-none-eabi/12.3.1/../../../../arm-none-eabi/lib/thumb/v7e-m+dp/hard\libc_nano.a(libc_a-findfp.o)
                              C:/ST/STM32CubeIDE_1.17.0/STM32CubeIDE/plugins/com.st.stm32cube.ide.mcu.externaltools.gnu-tools-for-stm32.12.3.rel1.win32_1.1.0.202410251130/tools/bin/../lib/gcc/arm-none-eabi/12.3.1/../../../../arm-none-eabi/lib/thumb/v7e-m+dp/hard\libc_nano.a(libc_a-exit.o) (__stdio_exit_handler)
C:/ST/STM32CubeIDE_1.17.0/STM32CubeIDE/plugins/com.st.stm32cube.ide.mcu.externaltools.gnu-tools-for-stm32.12.3.rel1.win32_1.1.0.202410251130/tools/bin/../lib/gcc/arm-none-eabi/12.3.1/../../../../arm-none-eabi/lib/thumb/v7e-m+dp/hard\libc_nano.a(libc_a-fwalk.o)
                              C:/ST/STM32CubeIDE_1.17.0/STM32CubeIDE/plugins/com.st.stm32cube.ide.mcu.externaltools.gnu-tools-for-stm32.12.3.rel1.win32_1.1.0.202410251130/tools/bin/../lib/gcc/arm-none-eabi/12.3.1/../../../../arm-none-eabi/lib/thumb/v7e-m+dp/hard\libc_nano.a(libc_a-findfp.o) (_fwalk_sglue)
C:/ST/STM32CubeIDE_1.17.0/STM32CubeIDE/plugins/com.st.stm32cube.ide.mcu.externaltools.gnu-tools-for-stm32.12.3.rel1.win32_1.1.0.202410251130/tools/bin/../lib/gcc/arm-none-eabi/12.3.1/../../../../arm-none-eabi/lib/thumb/v7e-m+dp/hard\libc_nano.a(libc_a-stdio.o)
                              C:/ST/STM32CubeIDE_1.17.0/STM32CubeIDE/plugins/com.st.stm32cube.ide.mcu.externaltools.gnu-tools-for-stm32.12.3.rel1.win32_1.1.0.202410251130/tools/bin/../lib/gcc/arm-none-eabi/12.3.1/../../../../arm-none-eabi/lib/thumb/v7e-m+dp/hard\libc_nano.a(libc_a-findfp.o) (__sread)
C:/ST/STM32CubeIDE_1.17.0/STM32CubeIDE/plugins/com.st.stm32cube.ide.mcu.externaltools.gnu-tools-for-stm32.12.3.rel1.win32_1.1.0.202410251130/tools/bin/../lib/gcc/arm-none-eabi/12.3.1/../../../../arm-none-eabi/lib/thumb/v7e-m+dp/hard\libc_nano.a(libc_a-memset.o)
                              C:/ST/STM32CubeIDE_1.17.0/STM32CubeIDE/plugins/com.st.stm32cube.ide.mcu.externaltools.gnu-tools-for-stm32.12.3.rel1.win32_1.1.0.202410251130/tools/bin/../lib/gcc/arm-none-eabi/12.3.1/../../../../arm-none-eabi/lib/thumb/v7e-m+dp/hard/crt0.o (memset)
C:/ST/STM32CubeIDE_1.17.0/STM32CubeIDE/plugins/com.st.stm32cube.ide.mcu.externaltools.gnu-tools-for-stm32.12.3.rel1.win32_1.1.0.202410251130/tools/bin/../lib/gcc/arm-none-eabi/12.3.1/../../../../arm-none-eabi/lib/thumb/v7e-m+dp/hard\libc_nano.a(libc_a-closer.o)
                              C:/ST/STM32CubeIDE_1.17.0/STM32CubeIDE/plugins/com.st.stm32cube.ide.mcu.externaltools.gnu-tools-for-stm32.12.3.rel1.win32_1.1.0.202410251130/tools/bin/../lib/gcc/arm-none-eabi/12.3.1/../../../../arm-none-eabi/lib/thumb/v7e-m+dp/hard\libc_nano.a(libc_a-stdio.o) (_close_r)
C:/ST/STM32CubeIDE_1.17.0/STM32CubeIDE/plugins/com.st.stm32cube.ide.mcu.externaltools.gnu-tools-for-stm32.12.3.rel1.win32_1.1.0.202410251130/tools/bin/../lib/gcc/arm-none-eabi/12.3.1/../../../../arm-none-eabi/lib/thumb/v7e-m+dp/hard\libc_nano.a(libc_a-reent.o)
                              C:/ST/STM32CubeIDE_1.17.0/STM32CubeIDE/plugins/com.st.stm32cube.ide.mcu.externaltools.gnu-tools-for-stm32.12.3.rel1.win32_1.1.0.202410251130/tools/bin/../lib/gcc/arm-none-eabi/12.3.1/../../../../arm-none-eabi/lib/thumb/v7e-m+dp/hard\libc_nano.a(libc_a-closer.o) (errno)
C:/ST/STM32CubeIDE_1.17.0/STM32CubeIDE/plugins/com.st.stm32cube.ide.mcu.externaltools.gnu-tools-for-stm32.12.3.rel1.win32_1.1.0.202410251130/tools/bin/../lib/gcc/arm-none-eabi/12.3.1/../../../../arm-none-eabi/lib/thumb/v7e-m+dp/hard\libc_nano.a(libc_a-impure.o)
                              C:/ST/STM32CubeIDE_1.17.0/STM32CubeIDE/plugins/com.st.stm32cube.ide.mcu.externaltools.gnu-tools-for-stm32.12.3.rel1.win32_1.1.0.202410251130/tools/bin/../lib/gcc/arm-none-eabi/12.3.1/../../../../arm-none-eabi/lib/thumb/v7e-m+dp/hard\libc_nano.a(libc_a-reent.o) (_impure_ptr)
C:/ST/STM32CubeIDE_1.17.0/STM32CubeIDE/plugins/com.st.stm32cube.ide.mcu.externaltools.gnu-tools-for-stm32.12.3.rel1.win32_1.1.0.202410251130/tools/bin/../lib/gcc/arm-none-eabi/12.3.1/../../../../arm-none-eabi/lib/thumb/v7e-m+dp/hard\libc_nano.a(libc_a-lseekr.o)
[...]
Memory Configuration

Name             Origin             Length             Attributes
RAM              0x20000000         0x00080000         xrw
FLASH            0x08000000         0x00200000         xr
*default*        0x00000000         0xffffffff

Linker script and memory map

LOAD C:/ST/STM32CubeIDE_1.17.0/STM32CubeIDE/plugins/com.st.stm32cube.ide.mcu.externaltools.gnu-tools-for-stm32.12.3.rel1.win32_1.1.0.202410251130/tools/bin/../lib/gcc/arm-none-eabi/12.3.1/thumb/v7e-m+dp/hard/crti.o
LOAD C:/ST/STM32CubeIDE_1.17.0/STM32CubeIDE/plugins/com.st.stm32cube.ide.mcu.externaltools.gnu-tools-for-stm32.12.3.rel1.win32_1.1.0.202410251130/tools/bin/../lib/gcc/arm-none-eabi/12.3.1/thumb/v7e-m+dp/hard/crtbegin.o
LOAD C:/ST/STM32CubeIDE_1.17.0/STM32CubeIDE/plugins/com.st.stm32cube.ide.mcu.externaltools.gnu-tools-for-stm32.12.3.rel1.win32_1.1.0.202410251130/tools/bin/../lib/gcc/arm-none-eabi/12.3.1/../../../../arm-none-eabi/lib/thumb/v7e-m+dp/hard/crt0.o
LOAD ./Core/Src/gpio.o
LOAD ./Core/Src/main.o
LOAD ./Core/Src/stm32f7xx_hal_msp.o
LOAD ./Core/Src/stm32f7xx_it.o
LOAD ./Core/Src/syscalls.o
LOAD ./Core/Src/sysmem.o
LOAD ./Core/Src/system_stm32f7xx.o
LOAD ./Core/Src/usart.o
LOAD ./Core/Startup/startup_stm32f767zitx.o
LOAD ./Drivers/STM32F7xx_HAL_Driver/Src/stm32f7xx_hal.o
LOAD ./Drivers/STM32F7xx_HAL_Driver/Src/stm32f7xx_hal_cortex.o
LOAD ./Drivers/STM32F7xx_HAL_Driver/Src/stm32f7xx_hal_dma.o
LOAD ./Drivers/STM32F7xx_HAL_Driver/Src/stm32f7xx_hal_dma_ex.o
LOAD ./Drivers/STM32F7xx_HAL_Driver/Src/stm32f7xx_hal_exti.o
LOAD ./Drivers/STM32F7xx_HAL_Driver/Src/stm32f7xx_hal_flash.o
LOAD ./Drivers/STM32F7xx_HAL_Driver/Src/stm32f7xx_hal_flash_ex.o
LOAD ./Drivers/STM32F7xx_HAL_Driver/Src/stm32f7xx_hal_gpio.o
LOAD ./Drivers/STM32F7xx_HAL_Driver/Src/stm32f7xx_hal_i2c.o
LOAD ./Drivers/STM32F7xx_HAL_Driver/Src/stm32f7xx_hal_i2c_ex.o
LOAD ./Drivers/STM32F7xx_HAL_Driver/Src/stm32f7xx_hal_pwr.o
LOAD ./Drivers/STM32F7xx_HAL_Driver/Src/stm32f7xx_hal_pwr_ex.o
LOAD ./Drivers/STM32F7xx_HAL_Driver/Src/stm32f7xx_hal_rcc.o
LOAD ./Drivers/STM32F7xx_HAL_Driver/Src/stm32f7xx_hal_rcc_ex.o
LOAD ./Drivers/STM32F7xx_HAL_Driver/Src/stm32f7xx_hal_uart.o
LOAD ./Drivers/STM32F7xx_HAL_Driver/Src/stm32f7xx_hal_uart_ex.o
START GROUP
LOAD C:/ST/STM32CubeIDE_1.17.0/STM32CubeIDE/plugins/com.st.stm32cube.ide.mcu.externaltools.gnu-tools-for-stm32.12.3.rel1.win32_1.1.0.202410251130/tools/bin/../lib/gcc/arm-none-eabi/12.3.1/../../../../arm-none-eabi/lib/thumb/v7e-m+dp/hard\libc_nano.a
LOAD C:/ST/STM32CubeIDE_1.17.0/STM32CubeIDE/plugins/com.st.stm32cube.ide.mcu.externaltools.gnu-tools-for-stm32.12.3.rel1.win32_1.1.0.202410251130/tools/bin/../lib/gcc/arm-none-eabi/12.3.1/../../../../arm-none-eabi/lib/thumb/v7e-m+dp/hard\libm.a
END GROUP
START GROUP
LOAD C:/ST/STM32CubeIDE_1.17.0/STM32CubeIDE/plugins/com.st.stm32cube.ide.mcu.externaltools.gnu-tools-for-stm32.12.3.rel1.win32_1.1.0.202410251130/tools/bin/../lib/gcc/arm-none-eabi/12.3.1/thumb/v7e-m+dp/hard\libgcc.a
LOAD C:/ST/STM32CubeIDE_1.17.0/STM32CubeIDE/plugins/com.st.stm32cube.ide.mcu.externaltools.gnu-tools-for-stm32.12.3.rel1.win32_1.1.0.202410251130/tools/bin/../lib/gcc/arm-none-eabi/12.3.1/../../../../arm-none-eabi/lib/thumb/v7e-m+dp/hard\libc_nano.a
END GROUP
START GROUP
LOAD C:/ST/STM32CubeIDE_1.17.0/STM32CubeIDE/plugins/com.st.stm32cube.ide.mcu.externaltools.gnu-tools-for-stm32.12.3.rel1.win32_1.1.0.202410251130/tools/bin/../lib/gcc/arm-none-eabi/12.3.1/thumb/v7e-m+dp/hard\libgcc.a
LOAD C:/ST/STM32CubeIDE_1.17.0/STM32CubeIDE/plugins/com.st.stm32cube.ide.mcu.externaltools.gnu-tools-for-stm32.12.3.rel1.win32_1.1.0.202410251130/tools/bin/../lib/gcc/arm-none-eabi/12.3.1/../../../../arm-none-eabi/lib/thumb/v7e-m+dp/hard\libc_nano.a
LOAD C:/ST/STM32CubeIDE_1.17.0/STM32CubeIDE/plugins/com.st.stm32cube.ide.mcu.externaltools.gnu-tools-for-stm32.12.3.rel1.win32_1.1.0.202410251130/tools/bin/../lib/gcc/arm-none-eabi/12.3.1/../../../../arm-none-eabi/lib/thumb/v7e-m+dp/hard\libnosys.a
END GROUP
START GROUP
LOAD C:/ST/STM32CubeIDE_1.17.0/STM32CubeIDE/plugins/com.st.stm32cube.ide.mcu.externaltools.gnu-tools-for-stm32.12.3.rel1.win32_1.1.0.202410251130/tools/bin/../lib/gcc/arm-none-eabi/12.3.1/thumb/v7e-m+dp/hard\libgcc.a
LOAD C:/ST/STM32CubeIDE_1.17.0/STM32CubeIDE/plugins/com.st.stm32cube.ide.mcu.externaltools.gnu-tools-for-stm32.12.3.rel1.win32_1.1.0.202410251130/tools/bin/../lib/gcc/arm-none-eabi/12.3.1/../../../../arm-none-eabi/lib/thumb/v7e-m+dp/hard\libc_nano.a
LOAD C:/ST/STM32CubeIDE_1.17.0/STM32CubeIDE/plugins/com.st.stm32cube.ide.mcu.externaltools.gnu-tools-for-stm32.12.3.rel1.win32_1.1.0.202410251130/tools/bin/../lib/gcc/arm-none-eabi/12.3.1/../../../../arm-none-eabi/lib/thumb/v7e-m+dp/hard\libnosys.a
END GROUP
LOAD C:/ST/STM32CubeIDE_1.17.0/STM32CubeIDE/plugins/com.st.stm32cube.ide.mcu.externaltools.gnu-tools-for-stm32.12.3.rel1.win32_1.1.0.202410251130/tools/bin/../lib/gcc/arm-none-eabi/12.3.1/thumb/v7e-m+dp/hard/crtend.o
LOAD C:/ST/STM32CubeIDE_1.17.0/STM32CubeIDE/plugins/com.st.stm32cube.ide.mcu.externaltools.gnu-tools-for-stm32.12.3.rel1.win32_1.1.0.202410251130/tools/bin/../lib/gcc/arm-none-eabi/12.3.1/thumb/v7e-m+dp/hard/crtn.o
                0x20080000                        _estack = (ORIGIN (RAM) + LENGTH (RAM))
                0x00000200                        _Min_Heap_Size = 0x200
                0x00000400                        _Min_Stack_Size = 0x400

.isr_vector     0x08000000      0x1f8
                0x08000000                        . = ALIGN (0x4)
 *(.isr_vector)
 .isr_vector    0x08000000      0x1f8 ./Core/Startup/startup_stm32f767zitx.o
                0x08000000                g_pfnVectors
                0x080001f8                        . = ALIGN (0x4)

.text           0x080001f8     0x2e08
                0x080001f8                        . = ALIGN (0x4)
 *(.text)
 .text          0x080001f8       0x40 C:/ST/STM32CubeIDE_1.17.0/STM32CubeIDE/plugins/com.st.stm32cube.ide.mcu.externaltools.gnu-tools-for-stm32.12.3.rel1.win32_1.1.0.202410251130/tools/bin/../lib/gcc/arm-none-eabi/12.3.1/thumb/v7e-m+dp/hard/crtbegin.o
 .text          0x08000238       0x30 C:/ST/STM32CubeIDE_1.17.0/STM32CubeIDE/plugins/com.st.stm32cube.ide.mcu.externaltools.gnu-tools-for-stm32.12.3.rel1.win32_1.1.0.202410251130/tools/bin/../lib/gcc/arm-none-eabi/12.3.1/thumb/v7e-m+dp/hard\libgcc.a(_aeabi_uldivmod.o)
                0x08000238                __aeabi_uldivmod
 .text          0x08000268      0x2bc C:/ST/STM32CubeIDE_1.17.0/STM32CubeIDE/plugins/com.st.stm32cube.ide.mcu.externaltools.gnu-tools-for-stm32.12.3.rel1.win32_1.1.0.202410251130/tools/bin/../lib/gcc/arm-none-eabi/12.3.1/thumb/v7e-m+dp/hard\libgcc.a(_udivmoddi4.o)
                0x08000268                __udivmoddi4
 .text          0x08000524        0x4 C:/ST/STM32CubeIDE_1.17.0/STM32CubeIDE/plugins/com.st.stm32cube.ide.mcu.externaltools.gnu-tools-for-stm32.12.3.rel1.win32_1.1.0.202410251130/tools/bin/../lib/gcc/arm-none-eabi/12.3.1/thumb/v7e-m+dp/hard\libgcc.a(_dvmd_tls.o)
                0x08000524                __aeabi_idiv0
                0x08000524                __aeabi_ldiv0
 *(.text*)
 .text.MX_GPIO_Init
                0x08000528      0x110 ./Core/Src/gpio.o
                0x08000528                MX_GPIO_Init
 .text.main     0x08000638       0x38 ./Core/Src/main.o
                0x08000638                main
 .text.SystemClock_Config
                0x08000670       0xdc ./Core/Src/main.o
                0x08000670                SystemClock_Config
 .text.MPU_Config
                0x0800074c       0x58 ./Core/Src/main.o
 .text.Error_Handler
                0x080007a4        0xc ./Core/Src/main.o
                0x080007a4                Error_Handler
 .text.HAL_MspInit
                0x080007b0       0x48 ./Core/Src/stm32f7xx_hal_msp.o
                0x080007b0                HAL_MspInit
 .text.NMI_Handler
                0x080007f8        0x8 ./Core/Src/stm32f7xx_it.o
                0x080007f8                NMI_Handler
 .text.HardFault_Handler
                0x08000800        0x8 ./Core/Src/stm32f7xx_it.o
                0x08000800                HardFault_Handler
 .text.MemManage_Handler
                0x08000808        0x8 ./Core/Src/stm32f7xx_it.o
                0x08000808                MemManage_Handler
 .text.BusFault_Handler
                0x08000810        0x8 ./Core/Src/stm32f7xx_it.o
                0x08000810                BusFault_Handler
 .text.UsageFault_Handler
                0x08000818        0x8 ./Core/Src/stm32f7xx_it.o
                0x08000818                UsageFault_Handler
 .text.SVC_Handler
                0x08000820        0xe ./Core/Src/stm32f7xx_it.o
                0x08000820                SVC_Handler
 .text.DebugMon_Handler
                0x0800082e        0xe ./Core/Src/stm32f7xx_it.o
                0x0800082e                DebugMon_Handler
 .text.PendSV_Handler
                0x0800083c        0xe ./Core/Src/stm32f7xx_it.o
                0x0800083c                PendSV_Handler
 .text.SysTick_Handler
                0x0800084a        0xc ./Core/Src/stm32f7xx_it.o
                0x0800084a                SysTick_Handler
 *fill*         0x08000856        0x2 
 .text.EXTI0_IRQHandler
                0x08000858       0x58 ./Core/Src/stm32f7xx_it.o
                0x08000858                EXTI0_IRQHandler
 .text.EXTI15_10_IRQHandler
                0x080008b0       0x64 ./Core/Src/stm32f7xx_it.o
                0x080008b0                EXTI15_10_IRQHandler
 .text.SystemInit
                0x08000914       0x24 ./Core/Src/system_stm32f7xx.o
                0x08000914                SystemInit
 .text.MX_USART3_UART_Init
                0x08000938       0x60 ./Core/Src/usart.o
                0x08000938                MX_USART3_UART_Init
 .text.HAL_UART_MspInit
                0x08000998       0xc0 ./Core/Src/usart.o
                0x08000998                HAL_UART_MspInit
 .text.Reset_Handler
                0x08000a58       0x50 ./Core/Startup/startup_stm32f767zitx.o
                0x08000a58                Reset_Handler
 .text.Default_Handler
                0x08000aa8        0x2 ./Core/Startup/startup_stm32f767zitx.o
                0x08000aa8                RTC_Alarm_IRQHandler
                0x08000aa8                EXTI2_IRQHandler
                0x08000aa8                TIM8_CC_IRQHandler
                0x08000aa8                UART8_IRQHandler
                0x08000aa8                SPI4_IRQHandler
                0x08000aa8                TIM1_CC_IRQHandler
                0x08000aa8                DMA2_Stream5_IRQHandler
                0x08000aa8                JPEG_IRQHandler
                0x08000aa8                DMA1_Stream5_IRQHandler
                0x08000aa8                CAN3_RX1_IRQHandler
                0x08000aa8                PVD_IRQHandler
                0x08000aa8                TAMP_STAMP_IRQHandler
                0x08000aa8                CAN2_RX1_IRQHandler
                0x08000aa8                EXTI3_IRQHandler
                0x08000aa8                TIM8_TRG_COM_TIM14_IRQHandler
                0x08000aa8                DFSDM1_FLT1_IRQHandler
                0x08000aa8                TIM1_UP_TIM10_IRQHandler
                0x08000aa8                TIM8_UP_TIM13_IRQHandler
                0x08000aa8                I2C3_ER_IRQHandler
                0x08000aa8                DFSDM1_FLT2_IRQHandler
                0x08000aa8                I2C2_EV_IRQHandler
                0x08000aa8                DMA1_Stream2_IRQHandler
                0x08000aa8                CAN1_RX0_IRQHandler
                0x08000aa8                FPU_IRQHandler
                0x08000aa8                OTG_HS_WKUP_IRQHandler
                0x08000aa8                CAN3_SCE_IRQHandler
                0x08000aa8                LTDC_ER_IRQHandler
                0x08000aa8                CAN2_SCE_IRQHandler
                0x08000aa8                DMA2_Stream2_IRQHandler
                0x08000aa8                SPI1_IRQHandler
                0x08000aa8                TIM6_DAC_IRQHandler
                0x08000aa8                TIM1_BRK_TIM9_IRQHandler
                0x08000aa8                DCMI_IRQHandler
                0x08000aa8                CAN2_RX0_IRQHandler
                0x08000aa8                DMA2_Stream3_IRQHandler
                0x08000aa8                SAI2_IRQHandler
                0x08000aa8                DFSDM1_FLT3_IRQHandler
                0x08000aa8                USART6_IRQHandler
                0x08000aa8                CAN3_RX0_IRQHandler
                0x08000aa8                USART3_IRQHandler
                0x08000aa8                CAN1_RX1_IRQHandler
                0x08000aa8                UART5_IRQHandler
                0x08000aa8                DMA2_Stream0_IRQHandler
                0x08000aa8                TIM4_IRQHandler
                0x08000aa8                QUADSPI_IRQHandler
                0x08000aa8                I2C1_EV_IRQHandler
                0x08000aa8                DMA1_Stream6_IRQHandler
                0x08000aa8                DMA1_Stream1_IRQHandler
                0x08000aa8                UART4_IRQHandler
                0x08000aa8                TIM3_IRQHandler
                0x08000aa8                RCC_IRQHandler
                0x08000aa8                TIM8_BRK_TIM12_IRQHandler
                0x08000aa8                Default_Handler
                0x08000aa8                CEC_IRQHandler
                0x08000aa8                ADC_IRQHandler
                0x08000aa8                DMA1_Stream7_IRQHandler
                0x08000aa8                SPI5_IRQHandler
                0x08000aa8                TIM7_IRQHandler
                0x08000aa8                SDMMC1_IRQHandler
                0x08000aa8                CAN2_TX_IRQHandler
                0x08000aa8                TIM5_IRQHandler
                0x08000aa8                DMA2_Stream7_IRQHandler
                0x08000aa8                I2C3_EV_IRQHandler
                0x08000aa8                EXTI9_5_IRQHandler
                0x08000aa8                RTC_WKUP_IRQHandler
                0x08000aa8                LTDC_IRQHandler
                0x08000aa8                ETH_WKUP_IRQHandler
                0x08000aa8                SPDIF_RX_IRQHandler
                0x08000aa8                SPI2_IRQHandler
                0x08000aa8                OTG_HS_EP1_IN_IRQHandler
                0x08000aa8                DMA1_Stream0_IRQHandler
                0x08000aa8                CAN1_TX_IRQHandler
                0x08000aa8                EXTI4_IRQHandler
                0x08000aa8                RNG_IRQHandler
                0x08000aa8                ETH_IRQHandler
                0x08000aa8                OTG_HS_EP1_OUT_IRQHandler
                0x08000aa8                WWDG_IRQHandler
                0x08000aa8                SPI6_IRQHandler
                0x08000aa8                MDIOS_IRQHandler
                0x08000aa8                I2C4_EV_IRQHandler
                0x08000aa8                CAN3_TX_IRQHandler
                0x08000aa8                TIM2_IRQHandler
                0x08000aa8                OTG_FS_WKUP_IRQHandler
                0x08000aa8                TIM1_TRG_COM_TIM11_IRQHandler
                0x08000aa8                OTG_HS_IRQHandler
                0x08000aa8                DMA2D_IRQHandler
                0x08000aa8                EXTI1_IRQHandler
                0x08000aa8                SDMMC2_IRQHandler
                0x08000aa8                UART7_IRQHandler
                0x08000aa8                USART2_IRQHandler
                0x08000aa8                DFSDM1_FLT0_IRQHandler
                0x08000aa8                I2C2_ER_IRQHandler
                0x08000aa8                DMA2_Stream1_IRQHandler
                0x08000aa8                CAN1_SCE_IRQHandler
                0x08000aa8                FLASH_IRQHandler
                0x08000aa8                DMA2_Stream4_IRQHandler
                0x08000aa8                USART1_IRQHandler
                0x08000aa8                OTG_FS_IRQHandler
                0x08000aa8                SPI3_IRQHandler
                0x08000aa8                DMA1_Stream4_IRQHandler
                0x08000aa8                I2C1_ER_IRQHandler
                0x08000aa8                FMC_IRQHandler
                0x08000aa8                LPTIM1_IRQHandler
                0x08000aa8                I2C4_ER_IRQHandler
                0x08000aa8                DMA2_Stream6_IRQHandler
                0x08000aa8                SAI1_IRQHandler
                0x08000aa8                DMA1_Stream3_IRQHandler
 .text.HAL_Init
                0x08000aaa       0x1a ./Drivers/STM32F7xx_HAL_Driver/Src/stm32f7xx_hal.o
                0x08000aaa                HAL_Init
 .text.HAL_InitTick
                0x08000ac4       0x60 ./Drivers/STM32F7xx_HAL_Driver/Src/stm32f7xx_hal.o
                0x08000ac4                HAL_InitTick
 .text.HAL_IncTick
                0x08000b24       0x28 ./Drivers/STM32F7xx_HAL_Driver/Src/stm32f7xx_hal.o
                0x08000b24                HAL_IncTick
 .text.HAL_GetTick
                0x08000b4c       0x18 ./Drivers/STM32F7xx_HAL_Driver/Src/stm32f7xx_hal.o
                0x08000b4c                HAL_GetTick
 .text.HAL_Delay
                0x08000b64       0x48 ./Drivers/STM32F7xx_HAL_Driver/Src/stm32f7xx_hal.o
                0x08000b64                HAL_Delay
 .text.__NVIC_SetPriorityGrouping
                0x08000bac       0x48 ./Drivers/STM32F7xx_HAL_Driver/Src/stm32f7xx_hal_cortex.o
 .text.__NVIC_GetPriorityGrouping
                0x08000bf4       0x1c ./Drivers/STM32F7xx_HAL_Driver/Src/stm32f7xx_hal_cortex.o
 .text.__NVIC_EnableIRQ
                0x08000c10       0x3c ./Drivers/STM32F7xx_HAL_Driver/Src/stm32f7xx_hal_cortex.o
 .text.__NVIC_SetPriority
                0x08000c4c       0x54 ./Drivers/STM32F7xx_HAL_Driver/Src/stm32f7xx_hal_cortex.o
 .text.NVIC_EncodePriority
                0x08000ca0       0x66 ./Drivers/STM32F7xx_HAL_Driver/Src/stm32f7xx_hal_cortex.o
 *fill*         0x08000d06        0x2 
 .text.SysTick_Config
                0x08000d08       0x44 ./Drivers/STM32F7xx_HAL_Driver/Src/stm32f7xx_hal_cortex.o
 .text.HAL_NVIC_SetPriorityGrouping
                0x08000d4c       0x16 ./Drivers/STM32F7xx_HAL_Driver/Src/stm32f7xx_hal_cortex.o
                0x08000d4c                HAL_NVIC_SetPriorityGrouping
 .text.HAL_NVIC_SetPriority
                0x08000d62       0x38 ./Drivers/STM32F7xx_HAL_Driver/Src/stm32f7xx_hal_cortex.o
                0x08000d62                HAL_NVIC_SetPriority
 .text.HAL_NVIC_EnableIRQ
                0x08000d9a       0x1c ./Drivers/STM32F7xx_HAL_Driver/Src/stm32f7xx_hal_cortex.o
                0x08000d9a                HAL_NVIC_EnableIRQ
 .text.HAL_SYSTICK_Config
                0x08000db6       0x18 ./Drivers/STM32F7xx_HAL_Driver/Src/stm32f7xx_hal_cortex.o
                0x08000db6                HAL_SYSTICK_Config
 *fill*         0x08000dce        0x2 
 .text.HAL_MPU_Disable
                0x08000dd0       0x30 ./Drivers/STM32F7xx_HAL_Driver/Src/stm32f7xx_hal_cortex.o
                0x08000dd0                HAL_MPU_Disable
 .text.HAL_MPU_Enable
                0x08000e00       0x40 ./Drivers/STM32F7xx_HAL_Driver/Src/stm32f7xx_hal_cortex.o
                0x08000e00                HAL_MPU_Enable
 .text.HAL_MPU_ConfigRegion
                0x08000e40       0x80 ./Drivers/STM32F7xx_HAL_Driver/Src/stm32f7xx_hal_cortex.o
                0x08000e40                HAL_MPU_ConfigRegion
 .text.HAL_GPIO_Init
                0x08000ec0      0x358 ./Drivers/STM32F7xx_HAL_Driver/Src/stm32f7xx_hal_gpio.o
                0x08000ec0                HAL_GPIO_Init
 .text.HAL_GPIO_WritePin
                0x08001218       0x32 ./Drivers/STM32F7xx_HAL_Driver/Src/stm32f7xx_hal_gpio.o
                0x08001218                HAL_GPIO_WritePin
 .text.HAL_GPIO_TogglePin
                0x0800124a       0x34 ./Drivers/STM32F7xx_HAL_Driver/Src/stm32f7xx_hal_gpio.o
                0x0800124a                HAL_GPIO_TogglePin
 *fill*         0x0800127e        0x2 
 .text.HAL_GPIO_EXTI_IRQHandler
                0x08001280       0x30 ./Drivers/STM32F7xx_HAL_Driver/Src/stm32f7xx_hal_gpio.o
                0x08001280                HAL_GPIO_EXTI_IRQHandler
 .text.HAL_GPIO_EXTI_Callback
                0x080012b0       0x16 ./Drivers/STM32F7xx_HAL_Driver/Src/stm32f7xx_hal_gpio.o
                0x080012b0                HAL_GPIO_EXTI_Callback
 *fill*         0x080012c6        0x2 
 .text.HAL_PWREx_EnableOverDrive
                0x080012c8       0xa0 ./Drivers/STM32F7xx_HAL_Driver/Src/stm32f7xx_hal_pwr_ex.o
                0x080012c8                HAL_PWREx_EnableOverDrive
 .text.HAL_RCC_OscConfig
                0x08001368      0x55c ./Drivers/STM32F7xx_HAL_Driver/Src/stm32f7xx_hal_rcc.o
                0x08001368                HAL_RCC_OscConfig
 .text.HAL_RCC_ClockConfig
                0x080018c4      0x1d8 ./Drivers/STM32F7xx_HAL_Driver/Src/stm32f7xx_hal_rcc.o
                0x080018c4                HAL_RCC_ClockConfig
 .text.HAL_RCC_GetSysClockFreq
                0x08001a9c      0x18c ./Drivers/STM32F7xx_HAL_Driver/Src/stm32f7xx_hal_rcc.o
                0x08001a9c                HAL_RCC_GetSysClockFreq
 .text.HAL_RCC_GetHCLKFreq
                0x08001c28       0x18 ./Drivers/STM32F7xx_HAL_Driver/Src/stm32f7xx_hal_rcc.o
                0x08001c28                HAL_RCC_GetHCLKFreq
 .text.HAL_RCC_GetPCLK1Freq
                0x08001c40       0x28 ./Drivers/STM32F7xx_HAL_Driver/Src/stm32f7xx_hal_rcc.o
                0x08001c40                HAL_RCC_GetPCLK1Freq
 .text.HAL_RCC_GetPCLK2Freq
                0x08001c68       0x28 ./Drivers/STM32F7xx_HAL_Driver/Src/stm32f7xx_hal_rcc.o
                0x08001c68                HAL_RCC_GetPCLK2Freq
 .text.HAL_RCCEx_PeriphCLKConfig
                0x08001c90      0x850 ./Drivers/STM32F7xx_HAL_Driver/Src/stm32f7xx_hal_rcc_ex.o
                0x08001c90                HAL_RCCEx_PeriphCLKConfig
 .text.HAL_UART_Init
                0x080024e0       0x9c ./Drivers/STM32F7xx_HAL_Driver/Src/stm32f7xx_hal_uart.o
                0x080024e0                HAL_UART_Init
 .text.HAL_UART_Transmit
                0x0800257c      0x112 ./Drivers/STM32F7xx_HAL_Driver/Src/stm32f7xx_hal_uart.o
                0x0800257c                HAL_UART_Transmit
 *fill*         0x0800268e        0x2 
 .text.UART_SetConfig
                0x08002690      0x4c8 ./Drivers/STM32F7xx_HAL_Driver/Src/stm32f7xx_hal_uart.o
                0x08002690                UART_SetConfig
 .text.UART_AdvFeatureConfig
                0x08002b58      0x144 ./Drivers/STM32F7xx_HAL_Driver/Src/stm32f7xx_hal_uart.o
                0x08002b58                UART_AdvFeatureConfig
 .text.UART_CheckIdleState
                0x08002c9c      0x150 ./Drivers/STM32F7xx_HAL_Driver/Src/stm32f7xx_hal_uart.o
                0x08002c9c                UART_CheckIdleState
 .text.UART_WaitOnFlagUntilTimeout
                0x08002dec       0xda ./Drivers/STM32F7xx_HAL_Driver/Src/stm32f7xx_hal_uart.o
                0x08002dec                UART_WaitOnFlagUntilTimeout
 .text.UART_EndRxTransfer
                0x08002ec6       0xc8 ./Drivers/STM32F7xx_HAL_Driver/Src/stm32f7xx_hal_uart.o
 .text.memset   0x08002f8e       0x10 C:/ST/STM32CubeIDE_1.17.0/STM32CubeIDE/plugins/com.st.stm32cube.ide.mcu.externaltools.gnu-tools-for-stm32.12.3.rel1.win32_1.1.0.202410251130/tools/bin/../lib/gcc/arm-none-eabi/12.3.1/../../../../arm-none-eabi/lib/thumb/v7e-m+dp/hard\libc_nano.a(libc_a-memset.o)
                0x08002f8e                memset
 *fill*         0x08002f9e        0x2 
 .text.__libc_init_array
                0x08002fa0       0x48 C:/ST/STM32CubeIDE_1.17.0/STM32CubeIDE/plugins/com.st.stm32cube.ide.mcu.externaltools.gnu-tools-for-stm32.12.3.rel1.win32_1.1.0.202410251130/tools/bin/../lib/gcc/arm-none-eabi/12.3.1/../../../../arm-none-eabi/lib/thumb/v7e-m+dp/hard\libc_nano.a(libc_a-init.o)
                0x08002fa0                __libc_init_array
 *(.glue_7)
 .glue_7        0x08002fe8        0x0 linker stubs
 *(.glue_7t)
 .glue_7t       0x08002fe8        0x0 linker stubs
 *(.eh_frame)
 .eh_frame      0x08002fe8        0x0 C:/ST/STM32CubeIDE_1.17.0/STM32CubeIDE/plugins/com.st.stm32cube.ide.mcu.externaltools.gnu-tools-for-stm32.12.3.rel1.win32_1.1.0.202410251130/tools/bin/../lib/gcc/arm-none-eabi/12.3.1/thumb/v7e-m+dp/hard/crtbegin.o
 *(.init)
 .init          0x08002fe8        0x4 C:/ST/STM32CubeIDE_1.17.0/STM32CubeIDE/plugins/com.st.stm32cube.ide.mcu.externaltools.gnu-tools-for-stm32.12.3.rel1.win32_1.1.0.202410251130/tools/bin/../lib/gcc/arm-none-eabi/12.3.1/thumb/v7e-m+dp/hard/crti.o
                0x08002fe8                _init
 .init          0x08002fec        0x8 C:/ST/STM32CubeIDE_1.17.0/STM32CubeIDE/plugins/com.st.stm32cube.ide.mcu.externaltools.gnu-tools-for-stm32.12.3.rel1.win32_1.1.0.202410251130/tools/bin/../lib/gcc/arm-none-eabi/12.3.1/thumb/v7e-m+dp/hard/crtn.o
 *(.fini)
 .fini          0x08002ff4        0x4 C:/ST/STM32CubeIDE_1.17.0/STM32CubeIDE/plugins/com.st.stm32cube.ide.mcu.externaltools.gnu-tools-for-stm32.12.3.rel1.win32_1.1.0.202410251130/tools/bin/../lib/gcc/arm-none-eabi/12.3.1/thumb/v7e-m+dp/hard/crti.o
                0x08002ff4                _fini
 .fini          0x08002ff8        0x8 C:/ST/STM32CubeIDE_1.17.0/STM32CubeIDE/plugins/com.st.stm32cube.ide.mcu.externaltools.gnu-tools-for-stm32.12.3.rel1.win32_1.1.0.202410251130/tools/bin/../lib/gcc/arm-none-eabi/12.3.1/thumb/v7e-m+dp/hard/crtn.o
                0x08003000                        . = ALIGN (0x4)
                0x08003000                        _etext = .

.vfp11_veneer   0x08003000        0x0
 .vfp11_veneer  0x08003000        0x0 linker stubs

.v4_bx          0x08003000        0x0
 .v4_bx         0x08003000        0x0 linker stubs

.iplt           0x08003000        0x0
 .iplt          0x08003000        0x0 C:/ST/STM32CubeIDE_1.17.0/STM32CubeIDE/plugins/com.st.stm32cube.ide.mcu.externaltools.gnu-tools-for-stm32.12.3.rel1.win32_1.1.0.202410251130/tools/bin/../lib/gcc/arm-none-eabi/12.3.1/thumb/v7e-m+dp/hard/crtbegin.o

.rodata         0x08003000       0x28
                0x08003000                        . = ALIGN (0x4)
 *(.rodata)
 .rodata        0x08003000        0x2 ./Core/Src/main.o
 *fill*         0x08003002        0x2 
 .rodata        0x08003004        0xa ./Core/Src/stm32f7xx_it.o
 *(.rodata*)
 *fill*         0x0800300e        0x2 
 .rodata.AHBPrescTable
                0x08003010       0x10 ./Core/Src/system_stm32f7xx.o
                0x08003010                AHBPrescTable
 .rodata.APBPrescTable
                0x08003020        0x8 ./Core/Src/system_stm32f7xx.o
                0x08003020                APBPrescTable
                0x08003028                        . = ALIGN (0x4)

.ARM.extab      0x08003028        0x0
                0x08003028                        . = ALIGN (0x4)
 *(.ARM.extab* .gnu.linkonce.armextab.*)
                0x08003028                        . = ALIGN (0x4)

.ARM            0x08003028        0x8
                0x08003028                        . = ALIGN (0x4)
                0x08003028                        __exidx_start = .
 *(.ARM.exidx*)
 .ARM.exidx     0x08003028        0x8 C:/ST/STM32CubeIDE_1.17.0/STM32CubeIDE/plugins/com.st.stm32cube.ide.mcu.externaltools.gnu-tools-for-stm32.12.3.rel1.win32_1.1.0.202410251130/tools/bin/../lib/gcc/arm-none-eabi/12.3.1/thumb/v7e-m+dp/hard\libgcc.a(_udivmoddi4.o)
                0x08003030                        __exidx_end = .
                0x08003030                        . = ALIGN (0x4)

.preinit_array  0x08003030        0x0
                0x08003030                        . = ALIGN (0x4)
                0x08003030                        PROVIDE (__preinit_array_start = .)
 *(.preinit_array*)
                0x08003030                        PROVIDE (__preinit_array_end = .)
                0x08003030                        . = ALIGN (0x4)

.init_array     0x08003030        0x4
                0x08003030                        . = ALIGN (0x4)
                0x08003030                        PROVIDE (__init_array_start = .)
 *(SORT_BY_NAME(.init_array.*))
 *(.init_array*)
 .init_array    0x08003030        0x4 C:/ST/STM32CubeIDE_1.17.0/STM32CubeIDE/plugins/com.st.stm32cube.ide.mcu.externaltools.gnu-tools-for-stm32.12.3.rel1.win32_1.1.0.202410251130/tools/bin/../lib/gcc/arm-none-eabi/12.3.1/thumb/v7e-m+dp/hard/crtbegin.o
                0x08003034                        PROVIDE (__init_array_end = .)
                0x08003034                        . = ALIGN (0x4)

.fini_array     0x08003034        0x4
                0x08003034                        . = ALIGN (0x4)
                [!provide]                        PROVIDE (__fini_array_start = .)
 *(SORT_BY_NAME(.fini_array.*))
 *(.fini_array*)
 .fini_array    0x08003034        0x4 C:/ST/STM32CubeIDE_1.17.0/STM32CubeIDE/plugins/com.st.stm32cube.ide.mcu.externaltools.gnu-tools-for-stm32.12.3.rel1.win32_1.1.0.202410251130/tools/bin/../lib/gcc/arm-none-eabi/12.3.1/thumb/v7e-m+dp/hard/crtbegin.o
                [!provide]                        PROVIDE (__fini_array_end = .)
                0x08003038                        . = ALIGN (0x4)
                0x08003038                        _sidata = LOADADDR (.data)

.rel.dyn        0x08003038        0x0
 .rel.iplt      0x08003038        0x0 C:/ST/STM32CubeIDE_1.17.0/STM32CubeIDE/plugins/com.st.stm32cube.ide.mcu.externaltools.gnu-tools-for-stm32.12.3.rel1.win32_1.1.0.202410251130/tools/bin/../lib/gcc/arm-none-eabi/12.3.1/thumb/v7e-m+dp/hard/crtbegin.o

.data           0x20000000        0xc load address 0x08003038
                0x20000000                        . = ALIGN (0x4)
                0x20000000                        _sdata = .
 *(.data)
 *(.data*)
 .data.SystemCoreClock
                0x20000000        0x4 ./Core/Src/system_stm32f7xx.o
                0x20000000                SystemCoreClock
 .data.uwTickPrio
                0x20000004        0x4 ./Drivers/STM32F7xx_HAL_Driver/Src/stm32f7xx_hal.o
                0x20000004                uwTickPrio
 .data.uwTickFreq
                0x20000008        0x1 ./Drivers/STM32F7xx_HAL_Driver/Src/stm32f7xx_hal.o
                0x20000008                uwTickFreq
 *(.RamFunc)
 *(.RamFunc*)
                0x2000000c                        . = ALIGN (0x4)
 *fill*         0x20000009        0x3 
                0x2000000c                        _edata = .

.igot.plt       0x2000000c        0x0 load address 0x08003044
 .igot.plt      0x2000000c        0x0 C:/ST/STM32CubeIDE_1.17.0/STM32CubeIDE/plugins/com.st.stm32cube.ide.mcu.externaltools.gnu-tools-for-stm32.12.3.rel1.win32_1.1.0.202410251130/tools/bin/../lib/gcc/arm-none-eabi/12.3.1/thumb/v7e-m+dp/hard/crtbegin.o
                0x2000000c                        . = ALIGN (0x4)

.bss            0x2000000c       0xa8 load address 0x08003044
                0x2000000c                        _sbss = .
                0x2000000c                        __bss_start__ = _sbss
 *(.bss)
 .bss           0x2000000c       0x1c C:/ST/STM32CubeIDE_1.17.0/STM32CubeIDE/plugins/com.st.stm32cube.ide.mcu.externaltools.gnu-tools-for-stm32.12.3.rel1.win32_1.1.0.202410251130/tools/bin/../lib/gcc/arm-none-eabi/12.3.1/thumb/v7e-m+dp/hard/crtbegin.o
 *(.bss*)
 .bss.huart3    0x20000028       0x88 ./Core/Src/usart.o
                0x20000028                huart3
 .bss.uwTick    0x200000b0        0x4 ./Drivers/STM32F7xx_HAL_Driver/Src/stm32f7xx_hal.o
                0x200000b0                uwTick
 *(COMMON)
                0x200000b4                        . = ALIGN (0x4)
                0x200000b4                        _ebss = .
                0x200000b4                        __bss_end__ = _ebss

._user_heap_stack
                0x200000b4      0x604 load address 0x08003044
                0x200000b8                        . = ALIGN (0x8)
 *fill*         0x200000b4        0x4 
                [!provide]                        PROVIDE (end = .)
                0x200000b8                        PROVIDE (_end = .)
                0x200002b8                        . = (. + _Min_Heap_Size)
 *fill*         0x200000b8      0x200 
                0x200006b8                        . = (. + _Min_Stack_Size)
 *fill*         0x200002b8      0x400 
                0x200006b8                        . = ALIGN (0x8)

/DISCARD/
 libc.a(*)
 libm.a(*)
 libgcc.a(*)

.ARM.attributes
                0x00000000       0x2e
 *(.ARM.attributes)
 .ARM.attributes
                0x00000000       0x20 C:/ST/STM32CubeIDE_1.17.0/STM32CubeIDE/plugins/com.st.stm32cube.ide.mcu.externaltools.gnu-tools-for-stm32.12.3.rel1.win32_1.1.0.202410251130/tools/bin/../lib/gcc/arm-none-eabi/12.3.1/thumb/v7e-m+dp/hard/crti.o
 .ARM.attributes
                0x00000020       0x32 C:/ST/STM32CubeIDE_1.17.0/STM32CubeIDE/plugins/com.st.stm32cube.ide.mcu.externaltools.gnu-tools-for-stm32.12.3.rel1.win32_1.1.0.202410251130/tools/bin/../lib/gcc/arm-none-eabi/12.3.1/thumb/v7e-m+dp/hard/crtbegin.o
 .ARM.attributes
                0x00000052       0x32 ./Core/Src/gpio.o
 .ARM.attributes
                0x00000084       0x32 ./Core/Src/main.o
 .ARM.attributes
                0x000000b6       0x32 ./Core/Src/stm32f7xx_hal_msp.o
 .ARM.attributes
                0x000000e8       0x32 ./Core/Src/stm32f7xx_it.o
 .ARM.attributes
                0x0000011a       0x32 ./Core/Src/system_stm32f7xx.o
 .ARM.attributes
                0x0000014c       0x32 ./Core/Src/usart.o
 .ARM.attributes
                0x0000017e       0x21 ./Core/Startup/startup_stm32f767zitx.o
 .ARM.attributes
                0x0000019f       0x32 ./Drivers/STM32F7xx_HAL_Driver/Src/stm32f7xx_hal.o
 .ARM.attributes
                0x000001d1       0x32 ./Drivers/STM32F7xx_HAL_Driver/Src/stm32f7xx_hal_cortex.o
 .ARM.attributes
                0x00000203       0x32 ./Drivers/STM32F7xx_HAL_Driver/Src/stm32f7xx_hal_gpio.o
 .ARM.attributes
                0x00000235       0x32 ./Drivers/STM32F7xx_HAL_Driver/Src/stm32f7xx_hal_pwr_ex.o
 .ARM.attributes
                0x00000267       0x32 ./Drivers/STM32F7xx_HAL_Driver/Src/stm32f7xx_hal_rcc.o
 .ARM.attributes
                0x00000299       0x32 ./Drivers/STM32F7xx_HAL_Driver/Src/stm32f7xx_hal_rcc_ex.o
 .ARM.attributes
                0x000002cb       0x32 ./Drivers/STM32F7xx_HAL_Driver/Src/stm32f7xx_hal_uart.o
 .ARM.attributes
                0x000002fd       0x32 C:/ST/STM32CubeIDE_1.17.0/STM32CubeIDE/plugins/com.st.stm32cube.ide.mcu.externaltools.gnu-tools-for-stm32.12.3.rel1.win32_1.1.0.202410251130/tools/bin/../lib/gcc/arm-none-eabi/12.3.1/../../../../arm-none-eabi/lib/thumb/v7e-m+dp/hard\libc_nano.a(libc_a-memset.o)
 .ARM.attributes
                0x0000032f       0x32 C:/ST/STM32CubeIDE_1.17.0/STM32CubeIDE/plugins/com.st.stm32cube.ide.mcu.externaltools.gnu-tools-for-stm32.12.3.rel1.win32_1.1.0.202410251130/tools/bin/../lib/gcc/arm-none-eabi/12.3.1/../../../../arm-none-eabi/lib/thumb/v7e-m+dp/hard\libc_nano.a(libc_a-init.o)
 .ARM.attributes
                0x00000361       0x20 C:/ST/STM32CubeIDE_1.17.0/STM32CubeIDE/plugins/com.st.stm32cube.ide.mcu.externaltools.gnu-tools-for-stm32.12.3.rel1.win32_1.1.0.202410251130/tools/bin/../lib/gcc/arm-none-eabi/12.3.1/thumb/v7e-m+dp/hard\libgcc.a(_aeabi_uldivmod.o)
 .ARM.attributes
                0x00000381       0x32 C:/ST/STM32CubeIDE_1.17.0/STM32CubeIDE/plugins/com.st.stm32cube.ide.mcu.externaltools.gnu-tools-for-stm32.12.3.rel1.win32_1.1.0.202410251130/tools/bin/../lib/gcc/arm-none-eabi/12.3.1/thumb/v7e-m+dp/hard\libgcc.a(_udivmoddi4.o)
 .ARM.attributes
                0x000003b3       0x20 C:/ST/STM32CubeIDE_1.17.0/STM32CubeIDE/plugins/com.st.stm32cube.ide.mcu.externaltools.gnu-tools-for-stm32.12.3.rel1.win32_1.1.0.202410251130/tools/bin/../lib/gcc/arm-none-eabi/12.3.1/thumb/v7e-m+dp/hard\libgcc.a(_dvmd_tls.o)
 .ARM.attributes
                0x000003d3       0x20 C:/ST/STM32CubeIDE_1.17.0/STM32CubeIDE/plugins/com.st.stm32cube.ide.mcu.externaltools.gnu-tools-for-stm32.12.3.rel1.win32_1.1.0.202410251130/tools/bin/../lib/gcc/arm-none-eabi/12.3.1/thumb/v7e-m+dp/hard/crtn.o
OUTPUT(Lab04.elf elf32-littlearm)
LOAD linker stubs
LOAD C:/ST/STM32CubeIDE_1.17.0/STM32CubeIDE/plugins/com.st.stm32cube.ide.mcu.externaltools.gnu-tools-for-stm32.12.3.rel1.win32_1.1.0.202410251130/tools/bin/../lib/gcc/arm-none-eabi/12.3.1/../../../../arm-none-eabi/lib/thumb/v7e-m+dp/hard\libc.a
LOAD C:/ST/STM32CubeIDE_1.17.0/STM32CubeIDE/plugins/com.st.stm32cube.ide.mcu.externaltools.gnu-tools-for-stm32.12.3.rel1.win32_1.1.0.202410251130/tools/bin/../lib/gcc/arm-none-eabi/12.3.1/../../../../arm-none-eabi/lib/thumb/v7e-m+dp/hard\libm.a
LOAD C:/ST/STM32CubeIDE_1.17.0/STM32CubeIDE/plugins/com.st.stm32cube.ide.mcu.externaltools.gnu-tools-for-stm32.12.3.rel1.win32_1.1.0.202410251130/tools/bin/../lib/gcc/arm-none-eabi/12.3.1/thumb/v7e-m+dp/hard\libgcc.a

.debug_info     0x00000000     0xa69d
 .debug_info    0x00000000      0x728 ./Core/Src/gpio.o
 .debug_info    0x00000728      0xbfd ./Core/Src/main.o
 .debug_info    0x00001325      0x2a0 ./Core/Src/stm32f7xx_hal_msp.o
 .debug_info    0x000015c5      0x87a ./Core/Src/stm32f7xx_it.o
 .debug_info    0x00001e3f      0x6ed ./Core/Src/system_stm32f7xx.o
 .debug_info    0x0000252c      0xc81 ./Core/Src/usart.o
 .debug_info    0x000031ad       0x30 ./Core/Startup/startup_stm32f767zitx.o
 .debug_info    0x000031dd      0xa4c ./Drivers/STM32F7xx_HAL_Driver/Src/stm32f7xx_hal.o
 .debug_info    0x00003c29      0xfc0 ./Drivers/STM32F7xx_HAL_Driver/Src/stm32f7xx_hal_cortex.o
 .debug_info    0x00004be9      0x6f3 ./Drivers/STM32F7xx_HAL_Driver/Src/stm32f7xx_hal_gpio.o
 .debug_info    0x000052dc      0x8cd ./Drivers/STM32F7xx_HAL_Driver/Src/stm32f7xx_hal_pwr_ex.o
 .debug_info    0x00005ba9      0x937 ./Drivers/STM32F7xx_HAL_Driver/Src/stm32f7xx_hal_rcc.o
 .debug_info    0x000064e0      0x6e1 ./Drivers/STM32F7xx_HAL_Driver/Src/stm32f7xx_hal_rcc_ex.o
 .debug_info    0x00006bc1     0x3adc ./Drivers/STM32F7xx_HAL_Driver/Src/stm32f7xx_hal_uart.o

.debug_abbrev   0x00000000     0x1a68
 .debug_abbrev  0x00000000      0x174 ./Core/Src/gpio.o
 .debug_abbrev  0x00000174      0x26c ./Core/Src/main.o
 .debug_abbrev  0x000003e0       0xf4 ./Core/Src/stm32f7xx_hal_msp.o
 .debug_abbrev  0x000004d4      0x1d5 ./Core/Src/stm32f7xx_it.o
 .debug_abbrev  0x000006a9      0x13b ./Core/Src/system_stm32f7xx.o
 .debug_abbrev  0x000007e4      0x1f9 ./Core/Src/usart.o
 .debug_abbrev  0x000009dd       0x24 ./Core/Startup/startup_stm32f767zitx.o
 .debug_abbrev  0x00000a01      0x213 ./Drivers/STM32F7xx_HAL_Driver/Src/stm32f7xx_hal.o
 .debug_abbrev  0x00000c14      0x31e ./Drivers/STM32F7xx_HAL_Driver/Src/stm32f7xx_hal_cortex.o
 .debug_abbrev  0x00000f32      0x1d4 ./Drivers/STM32F7xx_HAL_Driver/Src/stm32f7xx_hal_gpio.o
 .debug_abbrev  0x00001106      0x1d5 ./Drivers/STM32F7xx_HAL_Driver/Src/stm32f7xx_hal_pwr_ex.o
 .debug_abbrev  0x000012db      0x2de ./Drivers/STM32F7xx_HAL_Driver/Src/stm32f7xx_hal_rcc.o
 .debug_abbrev  0x000015b9      0x1c9 ./Drivers/STM32F7xx_HAL_Driver/Src/stm32f7xx_hal_rcc_ex.o
 .debug_abbrev  0x00001782      0x2e6 ./Drivers/STM32F7xx_HAL_Driver/Src/stm32f7xx_hal_uart.o

.debug_aranges  0x00000000      0x780
 .debug_aranges
                0x00000000       0x20 ./Core/Src/gpio.o
 .debug_aranges
                0x00000020       0x38 ./Core/Src/main.o
 .debug_aranges
                0x00000058       0x20 ./Core/Src/stm32f7xx_hal_msp.o
 .debug_aranges
                0x00000078       0x70 ./Core/Src/stm32f7xx_it.o
 .debug_aranges
                0x000000e8       0x28 ./Core/Src/system_stm32f7xx.o
 .debug_aranges
                0x00000110       0x30 ./Core/Src/usart.o
 .debug_aranges
                0x00000140       0x28 ./Core/Startup/startup_stm32f767zitx.o
 .debug_aranges
                0x00000168      0x110 ./Drivers/STM32F7xx_HAL_Driver/Src/stm32f7xx_hal.o
 .debug_aranges
                0x00000278      0x128 ./Drivers/STM32F7xx_HAL_Driver/Src/stm32f7xx_hal_cortex.o
 .debug_aranges
                0x000003a0       0x58 ./Drivers/STM32F7xx_HAL_Driver/Src/stm32f7xx_hal_gpio.o
 .debug_aranges
                0x000003f8       0x80 ./Drivers/STM32F7xx_HAL_Driver/Src/stm32f7xx_hal_pwr_ex.o
 .debug_aranges
                0x00000478       0x88 ./Drivers/STM32F7xx_HAL_Driver/Src/stm32f7xx_hal_rcc.o
 .debug_aranges
                0x00000500       0x50 ./Drivers/STM32F7xx_HAL_Driver/Src/stm32f7xx_hal_rcc_ex.o
 .debug_aranges
                0x00000550      0x230 ./Drivers/STM32F7xx_HAL_Driver/Src/stm32f7xx_hal_uart.o

.debug_rnglists
                0x00000000      0x5b1
 .debug_rnglists
                0x00000000       0x14 ./Core/Src/gpio.o
 .debug_rnglists
                0x00000014       0x26 ./Core/Src/main.o
 .debug_rnglists
                0x0000003a       0x13 ./Core/Src/stm32f7xx_hal_msp.o
 .debug_rnglists
                0x0000004d       0x4f ./Core/Src/stm32f7xx_it.o
 .debug_rnglists
                0x0000009c       0x1a ./Core/Src/system_stm32f7xx.o
 .debug_rnglists
                0x000000b6       0x20 ./Core/Src/usart.o
 .debug_rnglists
                0x000000d6       0x19 ./Core/Startup/startup_stm32f767zitx.o
 .debug_rnglists
                0x000000ef       0xc7 ./Drivers/STM32F7xx_HAL_Driver/Src/stm32f7xx_hal.o
 .debug_rnglists
                0x000001b6       0xda ./Drivers/STM32F7xx_HAL_Driver/Src/stm32f7xx_hal_cortex.o
 .debug_rnglists
                0x00000290       0x3f ./Drivers/STM32F7xx_HAL_Driver/Src/stm32f7xx_hal_gpio.o
 .debug_rnglists
                0x000002cf       0x5f ./Drivers/STM32F7xx_HAL_Driver/Src/stm32f7xx_hal_pwr_ex.o
 .debug_rnglists
                0x0000032e       0x67 ./Drivers/STM32F7xx_HAL_Driver/Src/stm32f7xx_hal_rcc.o
 .debug_rnglists
                0x00000395       0x3c ./Drivers/STM32F7xx_HAL_Driver/Src/stm32f7xx_hal_rcc_ex.o
 .debug_rnglists
                0x000003d1      0x1e0 ./Drivers/STM32F7xx_HAL_Driver/Src/stm32f7xx_hal_uart.o

.debug_macro    0x00000000    0x2624d
 .debug_macro   0x00000000      0x1e3 ./Core/Src/gpio.o
 .debug_macro   0x000001e3      0xacc ./Core/Src/gpio.o
 .debug_macro   0x00000caf      0x28d ./Core/Src/gpio.o
 .debug_macro   0x00000f3c       0x2e ./Core/Src/gpio.o
 .debug_macro   0x00000f6a       0x3b ./Core/Src/gpio.o
 .debug_macro   0x00000fa5       0x22 ./Core/Src/gpio.o
 .debug_macro   0x00000fc7       0x8e ./Core/Src/gpio.o
 .debug_macro   0x00001055       0x51 ./Core/Src/gpio.o
 .debug_macro   0x000010a6      0x103 ./Core/Src/gpio.o
 .debug_macro   0x000011a9       0x6a ./Core/Src/gpio.o
 .debug_macro   0x00001213      0x1df ./Core/Src/gpio.o
 .debug_macro   0x000013f2       0x1c ./Core/Src/gpio.o
 .debug_macro   0x0000140e       0x22 ./Core/Src/gpio.o
 .debug_macro   0x00001430       0xd9 ./Core/Src/gpio.o
 .debug_macro   0x00001509     0x12cd ./Core/Src/gpio.o
 .debug_macro   0x000027d6      0x11f ./Core/Src/gpio.o
 .debug_macro   0x000028f5       0x19 ./Core/Src/gpio.o
 .debug_macro   0x0000290e    0x1aa23 ./Core/Src/gpio.o
 .debug_macro   0x0001d331       0x6d ./Core/Src/gpio.o
 .debug_macro   0x0001d39e     0x3765 ./Core/Src/gpio.o
 .debug_macro   0x00020b03      0x189 ./Core/Src/gpio.o
 .debug_macro   0x00020c8c       0x63 ./Core/Src/gpio.o
 .debug_macro   0x00020cef     0x1add ./Core/Src/gpio.o
 .debug_macro   0x000227cc      0x6c4 ./Core/Src/gpio.o
 .debug_macro   0x00022e90      0x18b ./Core/Src/gpio.o
 .debug_macro   0x0002301b      0x115 ./Core/Src/gpio.o
 .debug_macro   0x00023130      0x26e ./Core/Src/gpio.o
 .debug_macro   0x0002339e       0xa5 ./Core/Src/gpio.o
 .debug_macro   0x00023443      0x24f ./Core/Src/gpio.o
 .debug_macro   0x00023692       0x71 ./Core/Src/gpio.o
 .debug_macro   0x00023703       0x58 ./Core/Src/gpio.o
 .debug_macro   0x0002375b      0x236 ./Core/Src/gpio.o
 .debug_macro   0x00023991      0x14e ./Core/Src/gpio.o
 .debug_macro   0x00023adf      0x3db ./Core/Src/gpio.o
 .debug_macro   0x00023eba       0x12 ./Core/Src/gpio.o
 .debug_macro   0x00023ecc      0x22c ./Core/Src/gpio.o
 .debug_macro   0x000240f8       0x61 ./Core/Src/gpio.o
 .debug_macro   0x00024159       0xa5 ./Core/Src/gpio.o
 .debug_macro   0x000241fe      0x12e ./Core/Src/gpio.o
 .debug_macro   0x0002432c      0x108 ./Core/Src/gpio.o
 .debug_macro   0x00024434       0x35 ./Core/Src/gpio.o
 .debug_macro   0x00024469      0x5ba ./Core/Src/gpio.o
 .debug_macro   0x00024a23       0x44 ./Core/Src/gpio.o
 .debug_macro   0x00024a67      0x15b ./Core/Src/gpio.o
 .debug_macro   0x00024bc2      0x1f1 ./Core/Src/main.o
 .debug_macro   0x00024db3      0x1d9 ./Core/Src/stm32f7xx_hal_msp.o
 .debug_macro   0x00024f8c      0x1e3 ./Core/Src/stm32f7xx_it.o
 .debug_macro   0x0002516f      0x1cf ./Core/Src/system_stm32f7xx.o
 .debug_macro   0x0002533e      0x1e3 ./Core/Src/usart.o
 .debug_macro   0x00025521      0x1f3 ./Drivers/STM32F7xx_HAL_Driver/Src/stm32f7xx_hal.o
 .debug_macro   0x00025714      0x1cf ./Drivers/STM32F7xx_HAL_Driver/Src/stm32f7xx_hal_cortex.o
 .debug_macro   0x000258e3      0x1d5 ./Drivers/STM32F7xx_HAL_Driver/Src/stm32f7xx_hal_gpio.o
 .debug_macro   0x00025ab8      0x1e7 ./Drivers/STM32F7xx_HAL_Driver/Src/stm32f7xx_hal_pwr_ex.o
 .debug_macro   0x00025c9f      0x1f3 ./Drivers/STM32F7xx_HAL_Driver/Src/stm32f7xx_hal_rcc.o
 .debug_macro   0x00025e92      0x1cf ./Drivers/STM32F7xx_HAL_Driver/Src/stm32f7xx_hal_rcc_ex.o
 .debug_macro   0x00026061      0x1ec ./Drivers/STM32F7xx_HAL_Driver/Src/stm32f7xx_hal_uart.o

.debug_line     0x00000000     0xabd5
 .debug_line    0x00000000      0x768 ./Core/Src/gpio.o
 .debug_line    0x00000768      0x81a ./Core/Src/main.o
 .debug_line    0x00000f82      0x741 ./Core/Src/stm32f7xx_hal_msp.o
 .debug_line    0x000016c3      0x87c ./Core/Src/stm32f7xx_it.o
 .debug_line    0x00001f3f      0x7c3 ./Core/Src/system_stm32f7xx.o
 .debug_line    0x00002702      0x7c2 ./Core/Src/usart.o
 .debug_line    0x00002ec4       0x7a ./Core/Startup/startup_stm32f767zitx.o
 .debug_line    0x00002f3e      0xa93 ./Drivers/STM32F7xx_HAL_Driver/Src/stm32f7xx_hal.o
 .debug_line    0x000039d1      0xd05 ./Drivers/STM32F7xx_HAL_Driver/Src/stm32f7xx_hal_cortex.o
 .debug_line    0x000046d6      0xbe9 ./Drivers/STM32F7xx_HAL_Driver/Src/stm32f7xx_hal_gpio.o
 .debug_line    0x000052bf      0x9e7 ./Drivers/STM32F7xx_HAL_Driver/Src/stm32f7xx_hal_pwr_ex.o
 .debug_line    0x00005ca6      0xec1 ./Drivers/STM32F7xx_HAL_Driver/Src/stm32f7xx_hal_rcc.o
 .debug_line    0x00006b67      0xe9a ./Drivers/STM32F7xx_HAL_Driver/Src/stm32f7xx_hal_rcc_ex.o
 .debug_line    0x00007a01     0x31d4 ./Drivers/STM32F7xx_HAL_Driver/Src/stm32f7xx_hal_uart.o

.debug_str      0x00000000    0xed403
 .debug_str     0x00000000    0xeb0d5 ./Core/Src/gpio.o
                              0xeb7a8 (size before relaxing)
 .debug_str     0x000eb0d5      0x712 ./Core/Src/main.o
                              0xeb80d (size before relaxing)
 .debug_str     0x000eb7e7       0x49 ./Core/Src/stm32f7xx_hal_msp.o
                              0xeb089 (size before relaxing)
 .debug_str     0x000eb830      0x11b ./Core/Src/stm32f7xx_it.o
                              0xeb563 (size before relaxing)
 .debug_str     0x000eb94b      0x1a4 ./Core/Src/system_stm32f7xx.o
                              0xeb1e5 (size before relaxing)
 .debug_str     0x000ebaef      0x2ef ./Core/Src/usart.o
                              0xeb8f6 (size before relaxing)
 .debug_str     0x000ebdde       0x44 ./Core/Startup/startup_stm32f767zitx.o
                                 0x74 (size before relaxing)
 .debug_str     0x000ebe22      0x42a ./Drivers/STM32F7xx_HAL_Driver/Src/stm32f7xx_hal.o
                              0xebc25 (size before relaxing)
 .debug_str     0x000ec24c      0x2bd ./Drivers/STM32F7xx_HAL_Driver/Src/stm32f7xx_hal_cortex.o
                              0xebc07 (size before relaxing)
 .debug_str     0x000ec509       0xd9 ./Drivers/STM32F7xx_HAL_Driver/Src/stm32f7xx_hal_gpio.o
                              0xeb2a3 (size before relaxing)
 .debug_str     0x000ec5e2      0x1d1 ./Drivers/STM32F7xx_HAL_Driver/Src/stm32f7xx_hal_pwr_ex.o
                              0xeb454 (size before relaxing)
 .debug_str     0x000ec7b3      0x260 ./Drivers/STM32F7xx_HAL_Driver/Src/stm32f7xx_hal_rcc.o
                              0xeb560 (size before relaxing)
 .debug_str     0x000eca13      0x147 ./Drivers/STM32F7xx_HAL_Driver/Src/stm32f7xx_hal_rcc_ex.o
                              0xeb4c3 (size before relaxing)
 .debug_str     0x000ecb5a      0x8a9 ./Drivers/STM32F7xx_HAL_Driver/Src/stm32f7xx_hal_uart.o
                              0xebeae (size before relaxing)

.comment        0x00000000       0x43
 .comment       0x00000000       0x43 ./Core/Src/gpio.o
                                 0x44 (size before relaxing)
 .comment       0x00000043       0x44 ./Core/Src/main.o
 .comment       0x00000043       0x44 ./Core/Src/stm32f7xx_hal_msp.o
 .comment       0x00000043       0x44 ./Core/Src/stm32f7xx_it.o
 .comment       0x00000043       0x44 ./Core/Src/system_stm32f7xx.o
 .comment       0x00000043       0x44 ./Core/Src/usart.o
 .comment       0x00000043       0x44 ./Drivers/STM32F7xx_HAL_Driver/Src/stm32f7xx_hal.o
 .comment       0x00000043       0x44 ./Drivers/STM32F7xx_HAL_Driver/Src/stm32f7xx_hal_cortex.o
 .comment       0x00000043       0x44 ./Drivers/STM32F7xx_HAL_Driver/Src/stm32f7xx_hal_gpio.o
 .comment       0x00000043       0x44 ./Drivers/STM32F7xx_HAL_Driver/Src/stm32f7xx_hal_pwr_ex.o
 .comment       0x00000043       0x44 ./Drivers/STM32F7xx_HAL_Driver/Src/stm32f7xx_hal_rcc.o
 .comment       0x00000043       0x44 ./Drivers/STM32F7xx_HAL_Driver/Src/stm32f7xx_hal_rcc_ex.o
 .comment       0x00000043       0x44 ./Drivers/STM32F7xx_HAL_Driver/Src/stm32f7xx_hal_uart.o

.debug_frame    0x00000000     0x1ccc
 .debug_frame   0x00000000       0x34 ./Core/Src/gpio.o
 .debug_frame   0x00000034       0x8c ./Core/Src/main.o
 .debug_frame   0x000000c0       0x34 ./Core/Src/stm32f7xx_hal_msp.o
 .debug_frame   0x000000f4      0x14c ./Core/Src/stm32f7xx_it.o
 .debug_frame   0x00000240       0x58 ./Core/Src/system_stm32f7xx.o
 .debug_frame   0x00000298       0x78 ./Core/Src/usart.o
 .debug_frame   0x00000310      0x3f4 ./Drivers/STM32F7xx_HAL_Driver/Src/stm32f7xx_hal.o
 .debug_frame   0x00000704      0x4e8 ./Drivers/STM32F7xx_HAL_Driver/Src/stm32f7xx_hal_cortex.o
 .debug_frame   0x00000bec      0x14c ./Drivers/STM32F7xx_HAL_Driver/Src/stm32f7xx_hal_gpio.o
 .debug_frame   0x00000d38      0x1c8 ./Drivers/STM32F7xx_HAL_Driver/Src/stm32f7xx_hal_pwr_ex.o
 .debug_frame   0x00000f00      0x1f8 ./Drivers/STM32F7xx_HAL_Driver/Src/stm32f7xx_hal_rcc.o
 .debug_frame   0x000010f8      0x118 ./Drivers/STM32F7xx_HAL_Driver/Src/stm32f7xx_hal_rcc_ex.o
 .debug_frame   0x00001210      0xa10 ./Drivers/STM32F7xx_HAL_Driver/Src/stm32f7xx_hal_uart.o
 .debug_frame   0x00001c20       0x20 C:/ST/STM32CubeIDE_1.17.0/STM32CubeIDE/plugins/com.st.stm32cube.ide.mcu.externaltools.gnu-tools-for-stm32.12.3.rel1.win32_1.1.0.202410251130/tools/bin/../lib/gcc/arm-none-eabi/12.3.1/../../../../arm-none-eabi/lib/thumb/v7e-m+dp/hard\libc_nano.a(libc_a-memset.o)
 .debug_frame   0x00001c40       0x2c C:/ST/STM32CubeIDE_1.17.0/STM32CubeIDE/plugins/com.st.stm32cube.ide.mcu.externaltools.gnu-tools-for-stm32.12.3.rel1.win32_1.1.0.202410251130/tools/bin/../lib/gcc/arm-none-eabi/12.3.1/../../../../arm-none-eabi/lib/thumb/v7e-m+dp/hard\libc_nano.a(libc_a-init.o)
 .debug_frame   0x00001c6c       0x2c C:/ST/STM32CubeIDE_1.17.0/STM32CubeIDE/plugins/com.st.stm32cube.ide.mcu.externaltools.gnu-tools-for-stm32.12.3.rel1.win32_1.1.0.202410251130/tools/bin/../lib/gcc/arm-none-eabi/12.3.1/thumb/v7e-m+dp/hard\libgcc.a(_aeabi_uldivmod.o)
 .debug_frame   0x00001c98       0x34 C:/ST/STM32CubeIDE_1.17.0/STM32CubeIDE/plugins/com.st.stm32cube.ide.mcu.externaltools.gnu-tools-for-stm32.12.3.rel1.win32_1.1.0.202410251130/tools/bin/../lib/gcc/arm-none-eabi/12.3.1/thumb/v7e-m+dp/hard\libgcc.a(_udivmoddi4.o)

.debug_line_str
                0x00000000       0x58
 .debug_line_str
                0x00000000       0x58 ./Core/Startup/startup_stm32f767zitx.o
